[gmpg.org/xfn/11.html]
[backblue.gif]
[fade.gif]
[index.html]
[specter.solutions/wp-content/plugins/minmax-quantity-for-woocommerce/css/shop49b6.css]
[fonts.googleapis.com/index.html]
[use.fontawesome.com/index.html]
[specter.solutions/wp-content/themes/astra/assets/css/minified/style.minc480.css]
[specter.solutions/feed/index.html]
[specter.solutions/comments/feed/index.html]
[specter.solutions/wp-content/themes/astra/assets/fonts/astra.woff]
[specter.solutions/wp-includes/css/dist/block-library/style.min1e39.css]
[specter.solutions/wp-content/plugins/woocommerce/packages/woocommerce-blocks/build/wc-blocks-vendors-styleceb1.css]
[specter.solutions/wp-content/plugins/woocommerce/packages/woocommerce-blocks/build/wc-blocks-styleceb1.css]
[specter.solutions/wp-content/plugins/advanced-product-fields-for-woocommerce/assets/css/frontend.min7fb9.css]
[specter.solutions/wp-content/themes/astra/assets/css/minified/compatibility/woocommerce/woocommerce-layout.minc480.css]
[specter.solutions/wp-content/themes/astra/assets/css/minified/compatibility/woocommerce/woocommerce-smallscreen.minc480.css]
[specter.solutions/wp-content/themes/astra/assets/css/minified/compatibility/woocommerce/woocommerce.minc480.css]
[specter.solutions/wp-content/plugins/woocustomizer/assets/css/frontend3575.css]
[specter.solutions/wp-content/plugins/wp-user-avatar/assets/css/frontend.min1849.css]
[specter.solutions/wp-content/plugins/wp-user-avatar/assets/flatpickr/flatpickr.min1849.css]
[specter.solutions/wp-content/plugins/wp-user-avatar/assets/select2/select2.min1e39.css]
[specter.solutions/wp-content/plugins/header-footer-elementor/assets/css/header-footer-elementor1f62.css]
[specter.solutions/wp-content/plugins/elementor/assets/lib/eicons/css/elementor-icons.min91ce.css]
[specter.solutions/wp-content/plugins/elementor/assets/css/frontend-legacy.min7e2e.css]
[specter.solutions/wp-content/plugins/elementor/assets/css/frontend.min7e2e.css]
[specter.solutions/wp-content/uploads/elementor/css/post-1870fcc4.css]
[specter.solutions/wp-content/plugins/elementor-pro/assets/css/frontend.min521d.css]
[specter.solutions/wp-content/plugins/elementor/assets/lib/font-awesome/css/all.min7e2e.css]
[specter.solutions/wp-content/plugins/elementor/assets/lib/font-awesome/css/v4-shims.min7e2e.css]
[specter.solutions/wp-content/uploads/elementor/css/post-95213b.css]
[specter.solutions/wp-content/plugins/header-footer-elementor/inc/widgets-css/frontend1f62.css]
[specter.solutions/wp-content/plugins/ht-mega-for-elementor/assets/css/htbbootstrap5d0a.css]
[specter.solutions/wp-content/plugins/elementor/assets/lib/font-awesome/css/font-awesome.min1849.css]
[specter.solutions/wp-content/plugins/ht-mega-for-elementor/assets/css/animation5d0a.css]
[specter.solutions/wp-content/plugins/ht-mega-for-elementor/assets/css/htmega-keyframes5d0a.css]
[specter.solutions/wp-content/plugins/side-cart-woocommerce/assets/css/xoo-wsc-fonts53cf.css]
[specter.solutions/wp-content/plugins/side-cart-woocommerce/assets/css/xoo-wsc-style53cf.css]
[specter.solutions/wp-content/uploads/elementor/css/post-3414fcc4.css]
[specter.solutions/wp-content/uploads/elementor/css/post-5436a7a7.css]
[use.fontawesome.com/releases/v5.15.4/css/allb95e.css]
[use.fontawesome.com/releases/v5.15.4/css/v4-shimsb95e.css]
[use.fontawesome.com/releases/v5.15.4/webfonts/fa-brands-400.svg]
[use.fontawesome.com/releases/v5.15.4/webfonts/fa-regular-400.svg]
[use.fontawesome.com/releases/v5.15.4/webfonts/fa-solid-900.svg]
[specter.solutions/wp-content/plugins/elementor/assets/lib/font-awesome/css/fontawesome.min52d5.css]
[specter.solutions/wp-content/plugins/elementor/assets/lib/font-awesome/css/solid.min52d5.css]
[specter.solutions/wp-content/plugins/elementor/assets/lib/font-awesome/css/brands.min52d5.css]
[specter.solutions/wp-includes/js/jquery/jquery.minf43b.js]
[specter.solutions/wp-includes/js/jquery/jquery-migrate.min5589.js]
[specter.solutions/wp-content/plugins/svg-support/vendor/DOMPurify/DOMPurify.minf269.js]
[specter.solutions/wp-content/plugins/minmax-quantity-for-woocommerce/js/frontend1e39.js]
[specter.solutions/wp-content/plugins/svg-support/js/min/svgs-inline-minf269.js]
[specter.solutions/wp-content/plugins/wp-user-avatar/assets/flatpickr/flatpickr.min1849.js]
[specter.solutions/wp-content/plugins/wp-user-avatar/assets/select2/select2.min1849.js]
[specter.solutions/wp-content/plugins/elementor/assets/lib/font-awesome/js/v4-shims.min7e2e.js]
[specter.solutions/wp-json/wp/v2/pages/95.json]
[specter.solutions/wp-json/index.html]
[specter.solutions/wp-json/oembed/1.0/embed4e88.json]
[specter.solutions/wp-json/oembed/1.0/embed6a0e]
[specter.solutions/wp-content/uploads/2020/12/cropped-1200px-Bitcoin.svg-32x32.png]
[specter.solutions/wp-content/uploads/2020/12/cropped-1200px-Bitcoin.svg-192x192.png]
[specter.solutions/wp-content/uploads/2020/12/cropped-1200px-Bitcoin.svg-180x180.png]
[specter.solutions/wp-content/uploads/2020/09/SpecterSolutions_Logo@2x-180x15.png]
[specter.solutions/wp-content/uploads/2022/02/Home-Specter_Add_Device.png]
[specter.solutions/desktop/index.html]
[specter.solutions/wp-content/uploads/2022/03/IMG_0062.png]
[specter.solutions/hardware/index.html]
[specter.solutions/enterprise/index.html]
[specter.solutions/downloads/index.html]
[specter.solutions/wp-content/uploads/2022/03/IMG_0063.png]
[specter.solutions/blog/index.html]
[specter.solutions/wp-content/uploads/2021/12/moritz-square-new-1500x1500.jpg]
[cdn-images.mailchimp.com/embedcode/slim-10_7.css]
[specter.solutions/contact/index.html]
[specter.solutions/wp-includes/css/dashicons.min1e39.css]
[specter.solutions/imprint/index.html]
[specter.solutions/shop/index.html]
[specter.solutions/wp-content/plugins/ninja-forms/assets/css/display-opinions-light1e39.css]
[specter.solutions/wp-content/plugins/ninja-forms/assets/css/font-awesome.min1e39.css]
[specter.solutions/privacy-policy/index.html]
[specter.solutions/wp-content/plugins/ht-mega-for-elementor/assets/css/htmega-widgets5d0a.css]
[specter.solutions/wp-content/plugins/elementor/assets/lib/animations/animations.min7e2e.css]
[specter.solutions/wp-content/themes/astra/assets/js/minified/style.minc480.js]
[specter.solutions/wp-content/plugins/advanced-product-fields-for-woocommerce/assets/js/frontend.min7fb9.js]
[specter.solutions/wp-content/plugins/woocommerce/assets/js/jquery-blockui/jquery.blockUI.min6e65.js]
[specter.solutions/wp-content/plugins/woocommerce/assets/js/frontend/add-to-cart.minfbed.js]
[specter.solutions/wp-content/plugins/woocommerce/assets/js/js-cookie/js.cookie.min4d7b.js]
[specter.solutions/wp-content/plugins/woocommerce/assets/js/frontend/woocommerce.minfbed.js]
[specter.solutions/wp-content/plugins/woocommerce/assets/js/frontend/cart-fragments.minfbed.js]
[specter.solutions/wp-content/plugins/wp-user-avatar/assets/js/frontend.min1849.js]
[specter.solutions/wp-content/plugins/mailchimp-for-woocommerce/public/js/mailchimp-woocommerce-public.min387e.js]
[specter.solutions/wp-content/plugins/ht-mega-for-elementor/assets/js/popper.min5d0a.js]
[specter.solutions/wp-content/plugins/ht-mega-for-elementor/assets/js/htbbootstrap5d0a.js]
[specter.solutions/wp-content/plugins/ht-mega-for-elementor/assets/js/waypoints5d0a.js]
[specter.solutions/wp-content/plugins/side-cart-woocommerce/assets/js/xoo-wsc-main53cf.js]
[specter.solutions/wp-content/plugins/elementor-pro/assets/lib/smartmenus/jquery.smartmenus.minf269.js]
[specter.solutions/wp-content/plugins/make-column-clickable-elementor/assets/js/make-column-clickable2fca.js]
[specter.solutions/wp-includes/js/underscore.mind584.js]
[specter.solutions/wp-includes/js/backbone.min91ce.js]
[specter.solutions/wp-content/plugins/ninja-forms/assets/js/min/front-end-depsb992.js]
[specter.solutions/wp-content/plugins/ninja-forms/assets/js/min/front-endb992.js]
[specter.solutions/wp-content/plugins/elementor/assets/js/webpack.runtime.min7e2e.js]
[specter.solutions/wp-content/plugins/elementor/assets/js/frontend-modules.min7e2e.js]
[specter.solutions/wp-content/plugins/elementor-pro/assets/lib/sticky/jquery.sticky.min521d.js]
[specter.solutions/wp-content/plugins/elementor-pro/assets/js/frontend.min521d.js]
[specter.solutions/wp-content/plugins/elementor/assets/lib/waypoints/waypoints.min05da.js]
[specter.solutions/wp-includes/js/jquery/ui/core.min3f14.js]
[specter.solutions/wp-content/plugins/elementor/assets/lib/swiper/swiper.min48f5.js]
[specter.solutions/wp-content/plugins/elementor/assets/lib/share-link/share-link.min7e2e.js]
[specter.solutions/wp-content/plugins/elementor/assets/lib/dialog/dialog.mind227.js]
[specter.solutions/wp-content/plugins/elementor/assets/js/frontend.min7e2e.js]
[specter.solutions/index.html]
[specter.solutions/wp-content/plugins/elementor/assets/js/preloaded-modules.min7e2e.js]
[gmpg.org/xfn/default.css]
[gmpg.org/xfn/.html]
[gmpg.org/xfn/intro.html]
[gmpg.org/xfn/faq.html]
[gmpg.org/xfn/11.html]
[fonts.googleapis.com/index.html]
[use.fontawesome.com/index.html]
[fonts.googleapis.com/csse3f3.css]
[fonts.googleapis.com/css7158.css]
[specter.solutions/wp-content/uploads/2022/02/Desktop-Specter_Add_Device.png]
[specter.solutions/wp-content/uploads/elementor/css/post-5157a7a7.css]
[specter.solutions/wp-json/wp/v2/pages/5157.json]
[specter.solutions/wp-json/oembed/1.0/embed9c00.json]
[specter.solutions/wp-json/oembed/1.0/embed5355]
[specter.solutions/wp-content/uploads/2022/02/Desktop-Specter_Add_Device-1024x602.png]
[specter.solutions/wp-content/uploads/2022/02/Desktop-Specter_Add_New_Wallet-1024x602.png]
[specter.solutions/wp-content/uploads/2022/02/bitcoin_core-1024x728.png]
[specter.solutions/wp-content/uploads/2021/12/Fast.svg]
[specter.solutions/wp-content/uploads/2022/01/QR-Code.svg]
[specter.solutions/wp-content/uploads/2021/12/Send.svg]
[specter.solutions/wp-content/uploads/2022/02/Specter_Send_Transaction.png]
[specter.solutions/wp-content/uploads/2022/02/Specter_Receive_Transaction.png]
[specter.solutions/wp-content/uploads/2021/12/Receive.svg]
[specter.solutions/wp-content/uploads/2021/12/Adjust.svg]
[specter.solutions/wp-content/uploads/2022/01/liquid-articles.svg]
[specter.solutions/wp-content/uploads/2022/01/select-coins.svg]
[specter.solutions/wp-content/uploads/2022/02/liquid-network.png]
[specter.solutions/wp-content/uploads/2022/01/liquid.svg]
[specter.solutions/wp-content/uploads/2022/01/articles.svg]
[specter.solutions/wp-content/uploads/2022/02/Swan.png]
[specter.solutions/liquid-for-bitcoiners-1-4-confidential-transactions/index.html]
[specter.solutions/wp-content/uploads/2022/02/Specter_Desktop_In_Use-scaled.jpg]
[specter.solutions/liquid-for-bitcoiners-2-4-stablecoin-self-custody/index.html]
[specter.solutions/wp-content/uploads/2022/01/tor.svg]
[specter.solutions/liquid-for-bitcoiners-3-4-stablecoins-for-working-capital-stability-remittances-and-bitcoin-backed-loans/index.html]
[specter.solutions/liquid-for-bitcoiners-4-4-financial-securities-infrastructure/index.html]
[specter.solutions/wp-content/uploads/2022/01/securely.svg]
[specter.solutions/wp-content/uploads/2022/01/connect.svg]
[specter.solutions/wp-content/uploads/2022/02/import_export.svg]
[specter.solutions/wp-content/uploads/2022/02/Specter_Backup_File-1-1024x511.png]
[specter.solutions/wp-content/uploads/2022/01/backup.svg]
[specter.solutions/wp-content/uploads/2022/01/import-export.svg]
[specter.solutions/wp-content/uploads/2022/01/scan.svg]
[specter.solutions/wp-content/uploads/2022/01/explore.svg]
[specter.solutions/wp-content/uploads/2022/01/customise-settings.svg]
[specter.solutions/wp-content/uploads/2022/01/supported-networks.svg]
[specter.solutions/wp-content/uploads/2022/01/tutorials.svg]
[specter.solutions/wp-content/uploads/2022/01/documentation.svg]
[specter.solutions/wp-content/uploads/2022/01/community.svg]
[specter.solutions/wp-content/uploads/2022/01/foss.svg]
[specter.solutions/wp-content/uploads/2022/01/code.svg]
[specter.solutions/desktop/index.html]
[specter.solutions/wp-content/uploads/2022/01/donate.svg]
[specter.solutions/wp-content/uploads/2022/03/IMG_0058.png]
[specter.solutions/wp-content/uploads/elementor/css/post-5070d760.css]
[specter.solutions/wp-json/wp/v2/pages/5070.json]
[specter.solutions/wp-json/oembed/1.0/embed9513.json]
[specter.solutions/wp-json/oembed/1.0/embedbf72]
[specter.solutions/wp-content/uploads/2022/02/Specter-DIY-Barebones.png]
[specter.solutions/wp-content/uploads/2022/03/IMG_0064.png]
[specter.solutions/wp-content/uploads/2022/01/Specter-Shield.png]
[specter.solutions/wp-content/uploads/2022/02/Specter-Shield-Exploded-566x1024.png]
[specter.solutions/wp-content/uploads/2022/02/Specter_Signer_In_Use-scaled.jpg]
[specter.solutions/wp-content/uploads/2022/02/Hardware-Comparison.png]
[specter.solutions/hardware/index.html]
[specter.solutions/wp-content/uploads/elementor/css/post-5675cb56.css]
[specter.solutions/wp-json/wp/v2/pages/5675.json]
[specter.solutions/wp-json/oembed/1.0/embedf5f3.json]
[specter.solutions/wp-json/oembed/1.0/embede091]
[specter.solutions/wp-content/uploads/2022/02/cost-reduction.svg]
[specter.solutions/wp-content/uploads/2022/02/global-market.svg]
[specter.solutions/wp-content/uploads/2022/02/continuity.svg]
[specter.solutions/wp-content/uploads/2022/02/shield.svg]
[specter.solutions/wp-content/uploads/2022/02/user-experience.svg]
[specter.solutions/wp-content/uploads/2022/02/future-proof.svg]
[specter.solutions/wp-content/uploads/2022/01/blockstream.png]
[specter.solutions/wp-content/uploads/2022/01/galoy.png]
[specter.solutions/wp-content/uploads/2022/01/revault.png]
[specter.solutions/wp-content/uploads/2022/01/checksig.png]
[specter.solutions/enterprise/index.html]
[specter.solutions/wp-content/uploads/2021/10/good_sig.png]
[specter.solutions/downloads/_https_/specter.solutions/downloads/index.html]
[specter.solutions/wp-content/uploads/elementor/css/post-3773ff7b.css]
[specter.solutions/wp-json/wp/v2/pages/3773.json]
[specter.solutions/wp-json/oembed/1.0/embed3d27.json]
[specter.solutions/wp-json/oembed/1.0/embed3364]
[specter.solutions/wp-content/uploads/2021/10/file_ok.png]
[user-images.githubusercontent.com/117085/223744207-163dfb43-2b0a-4571-811e-22d7b8be3e08.png]
[user-images.githubusercontent.com/117085/223744328-a9093edc-d041-4e5d-ab4c-1cfa18f82a98.png]
[user-images.githubusercontent.com/117085/223744436-7d8f7a37-38ab-475c-a93b-159637022944.png]
[user-images.githubusercontent.com/117085/223744553-192be7ee-bfec-436c-9231-29dd8e74a917.png]
[user-images.githubusercontent.com/117085/223744633-54facd31-4bd9-47a6-8d2a-b4723f2279b2.png]
[user-images.githubusercontent.com/70536101/206416317-01bb56e4-f82e-43fd-adae-a84f7b20fde3.jpg]
[specter.solutions/downloads/index.html]
[specter.solutions/wp-content/uploads/elementor/css/post-36468c79.css]
[specter.solutions/wp-content/uploads/2021/10/Screen-Shot-2021-10-22-at-8.33.16-PM.png]
[specter.solutions/73eba6c85c8fcf123d7af471c912646d/index.html]
[specter.solutions/wp-content/uploads/2021/10/Screen-Shot-2021-10-21-at-2.26.49-PM.png]
[specter.solutions/wp-content/uploads/2021/10/Screen-Shot-2021-10-21-at-2.26.45-PM.png]
[specter.solutions/wp-content/uploads/2021/10/Screen-Shot-2021-10-21-at-2.26.41-PM.png]
[specter.solutions/wp-content/uploads/2021/01/1-4YfNTC3xL3emT_Gu7-1ayg.png]
[specter.solutions/wp-content/uploads/2021/01/1-4oJV59a7EMNgiKrbGtWhrA@2x-1.png]
[specter.solutions/ecdsa-is-not-that-bad-two-party-signing-without-schnorr-or-bls/index.html]
[specter.solutions/hardware-wallets-can-be-hacked-but-this-is-fine/index.html]
[specter.solutions/bls-signatures-better-than-schnorr/index.html]
[specter.solutions/wp-content/uploads/2021/01/1-IpmIdJLR36iHnOHq1OqHnw@2x.png]
[specter.solutions/wp-content/uploads/2021/01/1-aWEbhqQIpHXZgvNpRSi54g@2x.png]
[specter.solutions/blog/index.html]
[specter.solutions/wp-includes/js/imagesloaded.minbb93.js]
[specter.solutions/how-schnorr-signatures-may-improve-bitcoin/index.html]
[specter.solutions/contact/_https_/specter.solutions/contact/index.html]
[specter.solutions/wp-content/uploads/elementor/thumbs/stepan-ousjfo4silmxbncdgx0r6c4mm3trvr4ftjkrcd5yoe.jpg]
[specter.solutions/wp-content/uploads/elementor/css/post-96da51.css]
[specter.solutions/wp-json/wp/v2/pages/96.json]
[specter.solutions/wp-json/oembed/1.0/embed0e80.json]
[specter.solutions/wp-json/oembed/1.0/embed0038]
[specter.solutions/wp-content/uploads/2020/08/stepan.jpg]
[specter.solutions/wp-content/uploads/2020/08/Moritz-e1600023402803.jpg]
[specter.solutions/wp-content/uploads/2021/10/kim-grey.jpg]
[specter.solutions/contact/index.html]
[specter.solutions/wp-content/uploads/elementor/css/post-1993edff.css]
[specter.solutions/wp-json/wp/v2/pages/1993.json]
[specter.solutions/wp-json/oembed/1.0/embed53d8.json]
[specter.solutions/imprint/index.html]
[specter.solutions/wp-json/oembed/1.0/embed0cdb]
[specter.solutions/wp-content/uploads/elementor/css/post-341cb.css]
[specter.solutions/wp-json/wp/v2/pages/3.json]
[specter.solutions/wp-json/oembed/1.0/embed5b7c.json]
[specter.solutions/privacy-policy/index.html]
[specter.solutions/wp-json/oembed/1.0/embed3ded]
[specter.solutions/wp-content/uploads/2020/10/Exploded-Cropped-600x493.png]
[specter.solutions/shop/index.html]
[gmpg.org/xfn/.html]
[gmpg.org/xfn/intro.html]
[gmpg.org/xfn/faq.html]
[specter.solutions/index4827.html]
[specter.solutions/shop/specter-shield/index.html]
[specter.solutions/shop/feed/index.html]
[specter.solutions/liquid-for-bitcoiners-1-4-confidential-transactions/feed/index.html]
[specter.solutions/wp-content/uploads/elementor/css/post-45183b42.css]
[specter.solutions/wp-content/uploads/elementor/css/post-34965c36.css]
[specter.solutions/wp-json/wp/v2/posts/4518.json]
[specter.solutions/wp-json/oembed/1.0/embeda749.json]
[specter.solutions/wp-json/oembed/1.0/embed1204]
[specter.solutions/wp-content/uploads/2019/07/Moritz-300x300.jpg]
[specter.solutions/wp-content/uploads/2021/10/Screen-Shot-2021-10-19-at-12.17.41-AM.png]
[blockstream.com/bitcoin17-final41.pdf]
[specter.solutions/liquid-for-bitcoiners-1-4-confidential-transactions/index.html]
[specter.solutions/2021/10/19/index.html]
[specter.solutions/wp-content/uploads/elementor/css/post-45723b42.css]
[specter.solutions/liquid-for-bitcoiners-2-4-stablecoin-self-custody/feed/index.html]
[specter.solutions/wp-json/wp/v2/posts/4572.json]
[specter.solutions/wp-json/oembed/1.0/embedb9a8.json]
[specter.solutions/wp-json/oembed/1.0/embed9b77]
[specter.solutions/wp-content/uploads/2021/01/specter-01.jpg]
[specter.solutions/wp-content/uploads/2021/10/Screen-Shot-2021-10-20-at-9.01.29-PM.png]
[specter.solutions/wp-content/uploads/2021/10/Screen-Shot-2021-10-20-at-9.12.31-PM.png]
[specter.solutions/2021/10/20/index.html]
[specter.solutions/wp-content/uploads/2021/10/Screen-Shot-2021-10-20-at-9.22.43-PM.png]
[specter.solutions/liquid-for-bitcoiners-2-4-stablecoin-self-custody/index.html]
[specter.solutions/wp-content/uploads/elementor/css/post-45923b42.css]
[specter.solutions/liquid-for-bitcoiners-3-4-stablecoins-for-working-capital-stability-remittances-and-bitcoin-backed-loans/feed/index.html]
[specter.solutions/wp-json/wp/v2/posts/4592.json]
[specter.solutions/wp-json/oembed/1.0/embed3555.json]
[specter.solutions/wp-json/oembed/1.0/embed0db9]
[specter.solutions/wp-content/uploads/2021/10/El-Salvador-relies-on-Bitcoin-as-the-state-currency-The-1068x601-1-1024x576.jpg]
[specter.solutions/2021/10/21/index.html]
[specter.solutions/wp-content/uploads/2021/10/IMG_7801-1024x794.jpg]
[specter.solutions/wp-content/uploads/2021/10/IMG_7834-2-1024x765.jpg]
[specter.solutions/liquid-for-bitcoiners-3-4-stablecoins-for-working-capital-stability-remittances-and-bitcoin-backed-loans/index.html]
[specter.solutions/wp-content/uploads/elementor/css/post-46433b42.css]
[specter.solutions/liquid-for-bitcoiners-4-4-financial-securities-infrastructure/feed/index.html]
[specter.solutions/wp-json/wp/v2/posts/4643.json]
[specter.solutions/wp-json/oembed/1.0/embedc7ec.json]
[specter.solutions/wp-json/oembed/1.0/embedc463]
[specter.solutions/wp-content/uploads/2021/10/IMG_7455-2-768x768.jpg]
[specter.solutions/wp-content/uploads/2021/10/Screen-Shot-2021-10-22-at-9.15.58-PM.png]
[specter.solutions/2021/10/22/index.html]
[specter.solutions/wp-content/uploads/2021/10/bitcoin-the-black-hole-768x543.jpg]
[specter.solutions/liquid-for-bitcoiners-4-4-financial-securities-infrastructure/index.html]
[specter.solutions/index1227.html]
[specter.solutions/index8d09.html]
[specter.solutions/downloads/_https_/specter.solutions/downloads/index.html]
[specter.solutions/indexd10e.html]
[specter.solutions/wp-json/wp/v2/posts/8018.json]
[specter.solutions/73eba6c85c8fcf123d7af471c912646d/feed/index.html]
[specter.solutions/wp-json/oembed/1.0/embed5127.json]
[specter.solutions/73eba6c85c8fcf123d7af471c912646d/index.html]
[specter.solutions/wp-json/oembed/1.0/embed3899]
[specter.solutions/wp-content/uploads/elementor/css/post-34403b42.css]
[specter.solutions/2023/07/16/index.html]
[specter.solutions/hardware-wallets-can-be-hacked-but-this-is-fine/feed/index.html]
[specter.solutions/wp-json/wp/v2/posts/3440.json]
[specter.solutions/wp-json/oembed/1.0/embedb7dc.json]
[specter.solutions/wp-json/oembed/1.0/embed1e27]
[specter.solutions/wp-content/uploads/2021/01/1-VB8odGWd62PgzHOzD2GG4w-1024x282.png]
[specter.solutions/hardware-wallets-can-be-hacked-but-this-is-fine/index.html]
[specter.solutions/wp-json/wp/v2/posts/3583.json]
[specter.solutions/2019/01/05/index.html]
[specter.solutions/ecdsa-is-not-that-bad-two-party-signing-without-schnorr-or-bls/feed/index.html]
[specter.solutions/wp-json/oembed/1.0/embeddcbc.json]
[specter.solutions/wp-json/oembed/1.0/embed95f5]
[eprint.iacr.org/2017/2017-552.pdf]
[specter.solutions/2018/10/14/index.html]
[specter.solutions/wp-content/uploads/2021/01/1-4oJV59a7EMNgiKrbGtWhrA@2x-895x1024.png]
[eprint.iacr.org/2016/2016-013.pdf]
[lists.linuxfoundation.org/pipermail/lightning-dev/attachments/20180426/fe978423/attachment-0001.pdf]
[www.cs.tau.ac.il/_fiat/crypt07/papers/Pai99pai.pdf]
[eprint.iacr.org/2018/2018-472.pdf]
[specter.solutions/ecdsa-is-not-that-bad-two-party-signing-without-schnorr-or-bls/index.html]
[specter.solutions/wp-json/wp/v2/posts/3671.json]
[specter.solutions/bls-signatures-better-than-schnorr/feed/index.html]
[specter.solutions/wp-json/oembed/1.0/embed9732.json]
[www.iacr.org/archive/asiacrypt2001/22480516.pdf]
[specter.solutions/wp-json/oembed/1.0/embede216]
[specter.solutions/2018/06/25/index.html]
[eprint.iacr.org/2018/2018-483.pdf]
[specter.solutions/wp-content/uploads/2021/01/1-3ONrQQr0leQSUCaKeBXITA@2x-878x1024.png]
[crypto.stanford.edu/pbc/thesis.pdf]
[specter.solutions/wp-content/uploads/2021/01/1-IpmIdJLR36iHnOHq1OqHnw@2x-1024x793.png]
[specter.solutions/wp-content/uploads/2021/01/1-CyqBtsUTnME5R4QTU_ZZCg@2x-1024x1022.png]
[specter.solutions/bls-signatures-better-than-schnorr/index.html]
[specter.solutions/wp-json/wp/v2/posts/3703.json]
[specter.solutions/how-schnorr-signatures-may-improve-bitcoin/feed/index.html]
[specter.solutions/wp-json/oembed/1.0/embed8365.json]
[specter.solutions/wp-json/oembed/1.0/embed87b9]
[eprint.iacr.org/2018/2018-068.pdf]
[specter.solutions/2018/06/23/index.html]
[specter.solutions/wp-content/uploads/2021/01/1-aWEbhqQIpHXZgvNpRSi54g@2x-991x1024.png]
[specter.solutions/wp-content/uploads/2021/01/1-hIjYiOdjwBVqdRpa5lrJOg@2x-1024x956.png]
[specter.solutions/wp-content/uploads/2021/01/1-ZVUPaZBVXs-ORSI_rrh0fw@2x-1024x364.png]
[specter.solutions/wp-content/uploads/2021/01/1-tIO2Vm-ZjS8JtsgKYT-Tww@2x-1024x425.png]
[specter.solutions/how-schnorr-signatures-may-improve-bitcoin/index.html]
[specter.solutions/contact/_https_/specter.solutions/contact/index.html]
[specter.solutions/index6f72.html]
[specter.solutions/index5b92.html]
[specter.solutions/index2207.html]
[specter.solutions/wp-content/uploads/2020/10/Exploded-Cropped.png]
[specter.solutions/wp-content/plugins/woocommerce/assets/css/photoswipe/photoswipe.minfbed.css]
[specter.solutions/wp-content/plugins/woocommerce/assets/css/photoswipe/default-skin/default-skin.minfbed.css]
[specter.solutions/wp-json/wp/v2/product/2940.json]
[specter.solutions/wp-json/oembed/1.0/embedabf5.json]
[specter.solutions/wp-json/oembed/1.0/embed2512]
[specter.solutions/wp-content/uploads/2020/11/Complete-DIY-e1606440709104.png]
[specter.solutions/wp-content/uploads/2020/11/Discovery-Board-e1606441275278.png]
[specter.solutions/wp-content/plugins/woocommerce/assets/js/zoom/jquery.zoom.min6148.js]
[specter.solutions/wp-content/plugins/woocommerce/assets/js/flexslider/jquery.flexslider.min0913.js]
[specter.solutions/wp-content/plugins/woocommerce/assets/js/photoswipe/photoswipe.min5e18.js]
[specter.solutions/wp-content/plugins/woocommerce/assets/js/photoswipe/photoswipe-ui-default.min5e18.js]
[specter.solutions/shop/specter-shield/index.html]
[specter.solutions/xmlrpc0db0.php]
[specter.solutions/index6e0b.html]
[specter.solutions/wp-content/plugins/woocommerce/assets/js/frontend/single-product.minfbed.js]
[specter.solutions/wp-content/uploads/2021/10/Screen-Shot-2021-10-21-at-2.26.41-PM-1024x626.png]
[specter.solutions/2021/10/19/index.html]
[specter.solutions/indexb7c2.html]
[specter.solutions/category/bitcoin/index.html]
[specter.solutions/wp-content/uploads/2021/10/Screen-Shot-2021-10-21-at-2.26.45-PM-1024x626.png]
[specter.solutions/2021/10/20/index.html]
[specter.solutions/indexb236.html]
[specter.solutions/category/bitcoin/liquid/index.html]
[specter.solutions/author/specterteam/index.html]
[specter.solutions/author/anonymous/index.html]
[specter.solutions/wp-content/uploads/2021/10/Screen-Shot-2021-10-21-at-2.26.49-PM-1024x626.png]
[specter.solutions/2021/10/21/index.html]
[specter.solutions/index95c5.html]
[specter.solutions/wp-content/uploads/2021/10/Screen-Shot-2021-10-22-at-8.33.16-PM-1024x527.png]
[specter.solutions/2021/10/22/index.html]
[specter.solutions/indexcbea.html]
[specter.solutions/2023/07/16/index.html]
[specter.solutions/indexf7c2.html]
[specter.solutions/2019/01/05/index.html]
[specter.solutions/index260c.html]
[specter.solutions/category/uncategorized/index.html]
[specter.solutions/author/elementor-zuekhj/index.html]
[specter.solutions/author/stepan-snigirev/index.html]
[specter.solutions/wp-content/uploads/2021/01/1-4oJV59a7EMNgiKrbGtWhrA@2x-1-1024x543.png]
[specter.solutions/2018/10/14/index.html]
[specter.solutions/indexace5.html]
[specter.solutions/2018/06/25/index.html]
[specter.solutions/index00d1.html]
[specter.solutions/2018/06/23/index.html]
[specter.solutions/index20df.html]
[specter.solutions/category/blockchain/index.html]
[specter.solutions/category/math/index.html]
[specter.solutions/category/cryptography/index.html]
[specter.solutions/product-category/specter-parts/index.html]
[specter.solutions/category/bitcoin/index.html]
[specter.solutions/wp-json/wp/v2/categories/30.json]
[specter.solutions/category/bitcoin/liquid/index.html]
[specter.solutions/wp-json/wp/v2/categories/41.json]
[specter.solutions/category/bitcoin/feed/index.html]
[specter.solutions/category/bitcoin/liquid/feed/index.html]
[specter.solutions/wp-json/wp/v2/users/4.json]
[specter.solutions/author/specterteam/feed/index.html]
[specter.solutions/author/specterteam/index.html]
[specter.solutions/wp-content/uploads/2019/07/Moritz-150x150.jpg]
[specter.solutions/wp-json/wp/v2/users/7.json]
[specter.solutions/wp-content/uploads/2021/01/specter-01-150x150.jpg]
[specter.solutions/author/anonymous/index.html]
[specter.solutions/author/anonymous/feed/index.html]
[specter.solutions/category/uncategorized/index.html]
[specter.solutions/wp-json/wp/v2/categories/1.json]
[specter.solutions/category/uncategorized/feed/index.html]
[specter.solutions/author/elementor-zuekhj/index.html]
[specter.solutions/wp-json/wp/v2/users/8.json]
[specter.solutions/author/elementor-zuekhj/feed/index.html]
[specter.solutions/wp-json/wp/v2/users/6.json]
[specter.solutions/wp-content/uploads/2020/08/stepan-150x150.jpg]
[specter.solutions/author/stepan-snigirev/index.html]
[specter.solutions/author/stepan-snigirev/feed/index.html]
[specter.solutions/category/cryptography/index.html]
[specter.solutions/wp-json/wp/v2/categories/40.json]
[specter.solutions/category/math/index.html]
[specter.solutions/category/cryptography/feed/index.html]
[specter.solutions/wp-json/wp/v2/categories/39.json]
[specter.solutions/category/blockchain/index.html]
[specter.solutions/category/math/feed/index.html]
[specter.solutions/wp-json/wp/v2/categories/38.json]
[specter.solutions/product-category/specter-parts/index.html]
[specter.solutions/xmlrpc.php]
[specter.solutions/category/blockchain/feed/index.html]
[specter.solutions/wp-json/wp/v2/product_cat/25.json]
[specter.solutions/product-category/specter-parts/feed/index.html]
[specter.solutions/wp-includes/js/jquery/jquery.minf43b.js]
[specter.solutions/wp-content/plugins/minmax-quantity-for-woocommerce/css/shop49b6.css]
[specter.solutions/wp-includes/js/jquery/jquery-migrate.min5589.js]
[specter.solutions/wp-content/plugins/svg-support/vendor/DOMPurify/DOMPurify.minf269.js]
[specter.solutions/wp-content/plugins/minmax-quantity-for-woocommerce/js/frontend1e39.js]
[specter.solutions/wp-content/plugins/svg-support/js/min/svgs-inline-minf269.js]
[specter.solutions/wp-content/themes/astra/assets/css/minified/style.minc480.css]
[specter.solutions/wp-json/index.html]
[specter.solutions/wp-content/plugins/wp-user-avatar/assets/select2/select2.min1849.js]
[specter.solutions/wp-includes/css/dist/block-library/style.min1e39.css]
[specter.solutions/wp-content/plugins/wp-user-avatar/assets/flatpickr/flatpickr.min1849.js]
[specter.solutions/wp-content/plugins/woocommerce/packages/woocommerce-blocks/build/wc-blocks-vendors-styleceb1.css]
[specter.solutions/wp-content/plugins/woocommerce/packages/woocommerce-blocks/build/wc-blocks-styleceb1.css]
[specter.solutions/wp-content/plugins/advanced-product-fields-for-woocommerce/assets/css/frontend.min7fb9.css]
[specter.solutions/wp-content/themes/astra/assets/css/minified/compatibility/woocommerce/woocommerce-layout.minc480.css]
[specter.solutions/wp-content/themes/astra/assets/css/minified/compatibility/woocommerce/woocommerce-smallscreen.minc480.css]
[specter.solutions/wp-content/plugins/elementor/assets/lib/font-awesome/js/v4-shims.min7e2e.js]
[specter.solutions/wp-content/uploads/2020/12/cropped-1200px-Bitcoin.svg-192x192.png]
[specter.solutions/wp-content/uploads/2022/02/Home-Specter_Add_Device.png]
[specter.solutions/wp-content/uploads/2022/03/IMG_0062.png]
[specter.solutions/wp-content/plugins/woocommerce/assets/fonts/star.eot]
[specter.solutions/wp-content/uploads/2022/03/IMG_0063.png]
[specter.solutions/wp-content/themes/astra/assets/js/minified/style.minc480.js]
[specter.solutions/wp-content/uploads/2021/12/moritz-square-new-1500x1500.jpg]
[specter.solutions/wp-content/plugins/woocommerce/assets/fonts/stard41d.eot]
[specter.solutions/wp-content/plugins/advanced-product-fields-for-woocommerce/assets/js/frontend.min7fb9.js]
[specter.solutions/wp-content/plugins/woocommerce/assets/js/jquery-blockui/jquery.blockUI.min6e65.js]
[specter.solutions/wp-content/plugins/woocommerce/assets/fonts/star.woff]
[specter.solutions/wp-content/plugins/woocommerce/assets/js/frontend/add-to-cart.minfbed.js]
[specter.solutions/wp-content/plugins/woocommerce/assets/js/js-cookie/js.cookie.min4d7b.js]
[specter.solutions/wp-content/plugins/woocommerce/assets/js/frontend/cart-fragments.minfbed.js]
[specter.solutions/wp-content/plugins/woocommerce/assets/js/frontend/woocommerce.minfbed.js]
[specter.solutions/wp-content/plugins/woocommerce/assets/fonts/star.ttf]
[specter.solutions/wp-content/plugins/ht-mega-for-elementor/assets/js/popper.min5d0a.js]
[specter.solutions/wp-content/plugins/wp-user-avatar/assets/js/frontend.min1849.js]
[specter.solutions/wp-content/plugins/mailchimp-for-woocommerce/public/js/mailchimp-woocommerce-public.min387e.js]
[specter.solutions/wp-content/plugins/woocommerce/assets/fonts/star.svg]
[specter.solutions/wp-content/plugins/ht-mega-for-elementor/assets/js/waypoints5d0a.js]
[specter.solutions/wp-content/plugins/side-cart-woocommerce/assets/js/xoo-wsc-main53cf.js]
[specter.solutions/wp-content/plugins/ht-mega-for-elementor/assets/js/htbbootstrap5d0a.js]
[specter.solutions/wp-content/plugins/woocommerce/assets/fonts/WooCommerce.eot]
[specter.solutions/wp-content/plugins/make-column-clickable-elementor/assets/js/make-column-clickable2fca.js]
[specter.solutions/wp-content/plugins/elementor-pro/assets/lib/smartmenus/jquery.smartmenus.minf269.js]
[specter.solutions/wp-includes/js/backbone.min91ce.js]
[specter.solutions/wp-includes/js/underscore.mind584.js]
[specter.solutions/wp-content/plugins/woocommerce/assets/fonts/WooCommerced41d.eot]
[specter.solutions/wp-content/plugins/elementor/assets/js/frontend-modules.min7e2e.js]
[specter.solutions/wp-content/plugins/elementor/assets/js/webpack.runtime.min7e2e.js]
[specter.solutions/wp-content/plugins/ninja-forms/assets/js/min/front-end-depsb992.js]
[specter.solutions/wp-content/plugins/ninja-forms/assets/js/min/front-endb992.js]
[specter.solutions/wp-content/plugins/woocommerce/assets/fonts/WooCommerce.woff]
[specter.solutions/wp-content/plugins/elementor/assets/lib/waypoints/waypoints.min05da.js]
[specter.solutions/wp-includes/js/jquery/ui/core.min3f14.js]
[specter.solutions/wp-content/plugins/elementor-pro/assets/lib/sticky/jquery.sticky.min521d.js]
[specter.solutions/wp-content/plugins/elementor-pro/assets/js/frontend.min521d.js]
[specter.solutions/wp-content/plugins/woocommerce/assets/fonts/WooCommerce.ttf]
[specter.solutions/wp-content/plugins/elementor/assets/lib/share-link/share-link.min7e2e.js]
[specter.solutions/wp-content/plugins/elementor/assets/lib/dialog/dialog.mind227.js]
[specter.solutions/wp-content/plugins/elementor/assets/lib/swiper/swiper.min48f5.js]
[specter.solutions/wp-content/plugins/woocommerce/assets/fonts/WooCommerce.svg]
[specter.solutions/wp-content/uploads/2022/02/Desktop-Specter_Add_Device.png]
[specter.solutions/wp-content/plugins/elementor/assets/js/frontend.min7e2e.js]
[specter.solutions/wp-content/plugins/elementor/assets/js/preloaded-modules.min7e2e.js]
[specter.solutions/wp-content/plugins/woocommerce/assets/images/icons/loader.svg]
[specter.solutions/wp-content/plugins/woocommerce/assets/css/photoswipe/default-skin/default-skin.png]
[specter.solutions/wp-content/uploads/2022/02/Desktop-Specter_Add_New_Wallet-1024x602.png]
[specter.solutions/wp-content/uploads/2022/02/Specter_Desktop_In_Use-scaled.jpg]
[specter.solutions/wp-content/uploads/2022/02/Specter_Send_Transaction.png]
[specter.solutions/wp-content/uploads/2022/02/Specter_Receive_Transaction.png]
[specter.solutions/wp-content/plugins/woocommerce/assets/images/icons/credit-cards/mastercard.svg]
[specter.solutions/wp-content/plugins/woocommerce/assets/images/icons/credit-cards/laser.svg]
[specter.solutions/wp-content/uploads/2022/02/Specter_Backup_File-1-1024x511.png]
[specter.solutions/wp-content/uploads/2022/03/IMG_0058.png]
[specter.solutions/wp-content/plugins/woocommerce/assets/images/icons/credit-cards/diners.svg]
[specter.solutions/wp-content/plugins/woocommerce/assets/images/icons/credit-cards/maestro.svg]
[specter.solutions/wp-content/uploads/2022/02/Specter-DIY-Barebones.png]
[specter.solutions/wp-content/uploads/2022/01/Specter-Shield.png]
[specter.solutions/wp-content/uploads/2022/03/IMG_0064.png]
[specter.solutions/wp-content/uploads/2022/02/Specter-Shield-Exploded-566x1024.png]
[specter.solutions/wp-content/uploads/2022/02/Hardware-Comparison.png]
[specter.solutions/wp-content/plugins/woocommerce/assets/images/icons/credit-cards/amex.svg]
[specter.solutions/wp-content/uploads/2022/02/Specter_Signer_In_Use-scaled.jpg]
[specter.solutions/wp-content/themes/astra/assets/css/minified/compatibility/woocommerce/woocommerce.minc480.css]
[specter.solutions/wp-content/plugins/woocommerce/assets/images/icons/credit-cards/discover.svg]
[specter.solutions/wp-content/uploads/2021/10/good_sig.png]
[user-images.githubusercontent.com/117085/223744207-163dfb43-2b0a-4571-811e-22d7b8be3e08.png]
[user-images.githubusercontent.com/117085/223744328-a9093edc-d041-4e5d-ab4c-1cfa18f82a98.png]
[user-images.githubusercontent.com/117085/223744436-7d8f7a37-38ab-475c-a93b-159637022944.png]
[user-images.githubusercontent.com/117085/223744553-192be7ee-bfec-436c-9231-29dd8e74a917.png]
[user-images.githubusercontent.com/117085/223744633-54facd31-4bd9-47a6-8d2a-b4723f2279b2.png]
[specter.solutions/wp-content/plugins/woocustomizer/assets/images/close-icon.png]
[specter.solutions/wp-content/plugins/woocustomizer/assets/css/frontend3575.css]
[specter.solutions/wp-content/uploads/2021/10/Screen-Shot-2021-10-22-at-8.33.16-PM.png]
[specter.solutions/wp-content/uploads/2021/10/Screen-Shot-2021-10-21-at-2.26.45-PM.png]
[specter.solutions/wp-content/uploads/2021/10/Screen-Shot-2021-10-21-at-2.26.49-PM.png]
[specter.solutions/wp-content/uploads/2021/10/Screen-Shot-2021-10-21-at-2.26.41-PM.png]
[specter.solutions/wp-content/uploads/2021/01/1-4YfNTC3xL3emT_Gu7-1ayg.png]
[specter.solutions/wp-content/uploads/2021/01/1-4oJV59a7EMNgiKrbGtWhrA@2x-1.png]
[specter.solutions/wp-content/plugins/wp-user-avatar/assets/css/material-icons/MaterialIcons-Regular.woff2]
[specter.solutions/wp-content/uploads/2021/01/1-IpmIdJLR36iHnOHq1OqHnw@2x.png]
[specter.solutions/wp-content/plugins/wp-user-avatar/assets/css/material-icons/MaterialIcons-Regular.woff]
[specter.solutions/wp-includes/js/imagesloaded.minbb93.js]
[specter.solutions/wp-content/uploads/2021/01/1-aWEbhqQIpHXZgvNpRSi54g@2x.png]
[specter.solutions/wp-content/plugins/wp-user-avatar/assets/images/frontend/arrow-down.png]
[specter.solutions/wp-content/plugins/wp-user-avatar/assets/images/social-login/vk-fa.svg]
[specter.solutions/liquid-for-bitcoiners-1-4-confidential-transactions/feed/index.html]
[specter.solutions/wp-content/plugins/wp-user-avatar/assets/images/social-login/microsoft.svg]
[specter.solutions/wp-content/plugins/wp-user-avatar/assets/images/social-login/amazon.svg]
[specter.solutions/wp-content/uploads/2021/10/Screen-Shot-2021-10-19-at-12.17.41-AM.png]
[specter.solutions/wp-content/plugins/wp-user-avatar/assets/images/social-login/wpcom.svg]
[blockstream.com/bitcoin17-final41.pdf]
[specter.solutions/wp-content/plugins/wp-user-avatar/assets/images/social-login/facebook.svg]
[specter.solutions/wp-content/uploads/2021/01/specter-01.jpg]
[specter.solutions/wp-content/uploads/2021/10/Screen-Shot-2021-10-20-at-9.01.29-PM.png]
[specter.solutions/liquid-for-bitcoiners-3-4-stablecoins-for-working-capital-stability-remittances-and-bitcoin-backed-loans/feed/index.html]
[specter.solutions/wp-content/uploads/2021/10/Screen-Shot-2021-10-20-at-9.22.43-PM.png]
[specter.solutions/wp-content/plugins/wp-user-avatar/assets/images/social-login/github-fa.svg]
[specter.solutions/wp-content/plugins/wp-user-avatar/assets/css/frontend.min1849.css]
[specter.solutions/wp-content/plugins/wp-user-avatar/assets/flatpickr/flatpickr.min1849.css]
[specter.solutions/wp-content/plugins/wp-user-avatar/assets/select2/select2.min1e39.css]
[specter.solutions/wp-content/plugins/header-footer-elementor/assets/css/header-footer-elementor1f62.css]
[specter.solutions/wp-content/uploads/2021/10/El-Salvador-relies-on-Bitcoin-as-the-state-currency-The-1068x601-1-1024x576.jpg]
[specter.solutions/wp-content/plugins/elementor/assets/lib/eicons/fonts/eicons.1ed1075.delayed]
[specter.solutions/ecdsa-is-not-that-bad-two-party-signing-without-schnorr-or-bls/feed/index.html]
[specter.solutions/wp-content/uploads/2021/01/1-VB8odGWd62PgzHOzD2GG4w-1024x282.png]
[eprint.iacr.org/2017/2017-552.pdf]
[specter.solutions/wp-content/plugins/elementor/assets/lib/eicons/css/elementor-icons.min91ce.css]
[specter.solutions/wp-content/plugins/elementor/assets/lib/eicons/fonts/eicons1075.ttf]
[specter.solutions/wp-content/plugins/elementor/assets/css/frontend-legacy.min7e2e.css]
[specter.solutions/wp-content/plugins/elementor/assets/css/frontend.min7e2e.css]
[eprint.iacr.org/2016/2016-013.pdf]
[specter.solutions/wp-content/uploads/elementor/css/post-1870fcc4.css]
[specter.solutions/bls-signatures-better-than-schnorr/feed/index.html]
[specter.solutions/wp-content/plugins/elementor-pro/assets/css/frontend.min521d.css]
[eprint.iacr.org/2018/2018-472.pdf]
[specter.solutions/wp-content/uploads/2021/01/1-4oJV59a7EMNgiKrbGtWhrA@2x-895x1024.png]
[eprint.iacr.org/2018/2018-483.pdf]
[specter.solutions/wp-content/plugins/elementor/assets/lib/font-awesome/webfonts/fa-brands-400.eot]
[specter.solutions/wp-content/uploads/2021/01/1-3ONrQQr0leQSUCaKeBXITA@2x-878x1024.png]
[specter.solutions/wp-content/plugins/elementor/assets/lib/font-awesome/webfonts/fa-brands-400d41d.eot]
[specter.solutions/wp-content/plugins/elementor/assets/lib/font-awesome/webfonts/fa-brands-400.woff2]
[specter.solutions/how-schnorr-signatures-may-improve-bitcoin/feed/index.html]
[specter.solutions/wp-content/uploads/2021/01/1-CyqBtsUTnME5R4QTU_ZZCg@2x-1024x1022.png]
[eprint.iacr.org/2018/2018-068.pdf]
[specter.solutions/wp-content/uploads/2021/01/1-hIjYiOdjwBVqdRpa5lrJOg@2x-1024x956.png]
[specter.solutions/wp-content/uploads/2021/01/1-ZVUPaZBVXs-ORSI_rrh0fw@2x-1024x364.png]
[specter.solutions/wp-content/uploads/2021/01/1-tIO2Vm-ZjS8JtsgKYT-Tww@2x-1024x425.png]
[specter.solutions/wp-content/uploads/2020/10/Exploded-Cropped.png]
[specter.solutions/wp-content/plugins/elementor/assets/lib/font-awesome/webfonts/fa-brands-400.svg]
[specter.solutions/wp-content/plugins/elementor/assets/lib/font-awesome/webfonts/fa-regular-400d41d.eot]
[specter.solutions/wp-content/plugins/woocommerce/assets/js/zoom/jquery.zoom.min6148.js]
[specter.solutions/wp-content/plugins/woocommerce/assets/js/flexslider/jquery.flexslider.min0913.js]
[specter.solutions/wp-content/plugins/elementor/assets/lib/font-awesome/webfonts/fa-regular-400.woff2]
[specter.solutions/wp-content/plugins/woocommerce/assets/js/photoswipe/photoswipe.min5e18.js]
[specter.solutions/wp-content/plugins/woocommerce/assets/js/photoswipe/photoswipe-ui-default.min5e18.js]
[specter.solutions/wp-content/plugins/elementor/assets/lib/font-awesome/webfonts/fa-regular-400.woff]
[specter.solutions/wp-content/uploads/2021/10/Screen-Shot-2021-10-21-at-2.26.45-PM-1024x626.png]
[specter.solutions/wp-content/plugins/woocommerce/assets/js/frontend/single-product.minfbed.js]
[specter.solutions/wp-content/uploads/2021/10/Screen-Shot-2021-10-21-at-2.26.49-PM-1024x626.png]
[specter.solutions/wp-content/uploads/2021/10/Screen-Shot-2021-10-21-at-2.26.41-PM-1024x626.png]
[specter.solutions/wp-content/plugins/elementor/assets/lib/font-awesome/webfonts/fa-regular-400.ttf]
[specter.solutions/category/bitcoin/feed/index.html]
[specter.solutions/wp-content/plugins/elementor/assets/lib/font-awesome/webfonts/fa-regular-400.svg]
[specter.solutions/wp-content/uploads/2021/01/1-4oJV59a7EMNgiKrbGtWhrA@2x-1-1024x543.png]
[specter.solutions/wp-content/uploads/2021/10/Screen-Shot-2021-10-22-at-8.33.16-PM-1024x527.png]
[specter.solutions/wp-content/plugins/elementor/assets/lib/font-awesome/webfonts/fa-solid-900.eot]
[specter.solutions/category/bitcoin/liquid/feed/index.html]
[specter.solutions/wp-content/plugins/elementor/assets/lib/font-awesome/webfonts/fa-solid-900d41d.eot]
[specter.solutions/wp-content/plugins/elementor/assets/lib/font-awesome/webfonts/fa-solid-900.woff2]
[specter.solutions/author/anonymous/feed/index.html]
[specter.solutions/wp-content/uploads/2019/07/Moritz-150x150.jpg]
[specter.solutions/category/uncategorized/feed/index.html]
[specter.solutions/wp-content/plugins/elementor/assets/lib/font-awesome/webfonts/fa-solid-900.woff]
[specter.solutions/author/stepan-snigirev/feed/index.html]
[specter.solutions/category/cryptography/feed/index.html]
[specter.solutions/wp-content/plugins/elementor/assets/lib/font-awesome/css/all.min7e2e.css]
[specter.solutions/wp-content/plugins/elementor/assets/lib/font-awesome/webfonts/fa-solid-900.ttf]
[specter.solutions/wp-content/plugins/elementor/assets/lib/font-awesome/css/v4-shims.min7e2e.css]
[specter.solutions/wp-content/plugins/wp-user-avatar/assets/css/material-icons/MaterialIcons-Regular.woff]
[specter.solutions/wp-content/plugins/elementor/assets/lib/eicons/fonts/eicons1075.ttf]
[specter.solutions/wp-content/uploads/2022/02/Specter_Foss_Suite-scaled.jpg]
[specter.solutions/wp-content/uploads/elementor/css/post-95213b.css]
[specter.solutions/wp-content/plugins/elementor/assets/lib/eicons/fonts/eicons1075.eot]
[specter.solutions/wp-content/plugins/header-footer-elementor/inc/widgets-css/frontend1f62.css]
[specter.solutions/wp-content/plugins/elementor/assets/lib/font-awesome/webfonts/fa-regular-400.ttf]
[specter.solutions/wp-content/plugins/ht-mega-for-elementor/assets/css/htbbootstrap5d0a.css]
[specter.solutions/wp-content/plugins/elementor/assets/lib/font-awesome/fonts/fontawesome-webfont3e6e.eot]
[specter.solutions/wp-content/plugins/elementor/assets/lib/font-awesome/webfonts/fa-solid-900.ttf]
[specter.solutions/wp-content/plugins/elementor/assets/lib/font-awesome/webfonts/fa-solid-900.woff]
[specter.solutions/wp-content/uploads/2022/02/Specter_Foss_Suite-scaled.jpg]
[specter.solutions/wp-content/plugins/elementor/assets/lib/font-awesome/fonts/fontawesome-webfontd41d.eot]
[specter.solutions/wp-content/plugins/elementor/assets/lib/font-awesome/fonts/fontawesome-webfont3e6e.woff2]
[specter.solutions/wp-content/plugins/elementor/assets/lib/font-awesome/fonts/fontawesome-webfont3e6e.woff]
[specter.solutions/wp-content/plugins/elementor/assets/lib/font-awesome/fonts/fontawesome-webfont3e6e.ttf]
[specter.solutions/wp-content/plugins/elementor/assets/lib/font-awesome/css/font-awesome.min1849.css]
[specter.solutions/wp-content/plugins/ht-mega-for-elementor/assets/css/animation5d0a.css]
[specter.solutions/wp-content/plugins/ht-mega-for-elementor/assets/css/htmega-keyframes5d0a.css]
[specter.solutions/wp-content/plugins/elementor/assets/lib/font-awesome/fonts/fontawesome-webfont3e6e.svg]
[specter.solutions/wp-content/plugins/side-cart-woocommerce/assets/css/fonts/Woo-Side-Cart999e.eot]
[specter.solutions/wp-content/plugins/side-cart-woocommerce/assets/css/fonts/Woo-Side-Cart999e.ttf]
[specter.solutions/wp-content/plugins/side-cart-woocommerce/assets/css/fonts/Woo-Side-Cart999e.woff]
[specter.solutions/wp-content/plugins/side-cart-woocommerce/assets/css/xoo-wsc-fonts53cf.css]
[specter.solutions/wp-content/plugins/side-cart-woocommerce/assets/css/fonts/Woo-Side-Cart999e.svg]
[specter.solutions/wp-content/plugins/side-cart-woocommerce/assets/images/arrow-left.png]
[specter.solutions/wp-content/plugins/side-cart-woocommerce/assets/images/arrow-right.png]
[specter.solutions/wp-content/plugins/side-cart-woocommerce/assets/css/xoo-wsc-style53cf.css]
[specter.solutions/wp-content/uploads/elementor/css/post-3414fcc4.css]
[specter.solutions/wp-content/uploads/elementor/css/post-5436a7a7.css]
[use.fontawesome.com/releases/v5.15.4/css/allb95e.css]
[use.fontawesome.com/releases/v5.15.4/css/v4-shimsb95e.css]
[use.fontawesome.com/releases/v5.15.4/webfonts/fa-brands-400.svg]
[use.fontawesome.com/releases/v5.15.4/webfonts/fa-solid-900.svg]
[use.fontawesome.com/releases/v5.15.4/webfonts/fa-regular-400.svg]
[specter.solutions/wp-content/plugins/elementor/assets/lib/font-awesome/css/fontawesome.min52d5.css]
[specter.solutions/wp-content/plugins/elementor/assets/lib/font-awesome/css/solid.min52d5.css]
[specter.solutions/wp-content/plugins/elementor/assets/lib/font-awesome/css/brands.min52d5.css]
[cdn-images.mailchimp.com/embedcode/slim-10_7.css]
[specter.solutions/wp-includes/fonts/dashicons7d4b.eot]
[specter.solutions/wp-includes/css/dashicons.min1e39.css]
[specter.solutions/wp-includes/fonts/dashicons7d4b.ttf]
[specter.solutions/wp-content/plugins/ninja-forms/assets/img/help-info.png]
[specter.solutions/wp-content/plugins/ninja-forms/assets/css/display-opinions-light1e39.css]
[specter.solutions/wp-content/plugins/ninja-forms/assets/fonts/fontawesome-webfont3295.eot]
[specter.solutions/wp-content/plugins/ninja-forms/assets/fonts/fontawesome-webfontd41d.eot]
[specter.solutions/wp-content/plugins/ninja-forms/assets/fonts/fontawesome-webfont3295.woff2]
[specter.solutions/wp-content/plugins/ninja-forms/assets/fonts/fontawesome-webfont3295.woff]
[specter.solutions/wp-content/plugins/ninja-forms/assets/fonts/fontawesome-webfont3295.ttf]
[specter.solutions/wp-content/plugins/ninja-forms/assets/css/font-awesome.min1e39.css]
[specter.solutions/wp-content/plugins/ninja-forms/assets/fonts/fontawesome-webfont3295.svg]
[specter.solutions/wp-content/plugins/ht-mega-for-elementor/assets/css/img/gallery/bgDescription.png]
[specter.solutions/wp-content/plugins/ht-mega-for-elementor/assets/css/img/gallery/gallery-e1.jpg]
[specter.solutions/wp-content/plugins/ht-mega-for-elementor/assets/images/pricing/pricing-ribon.png]
[specter.solutions/wp-content/plugins/ht-mega-for-elementor/assets/images/icons/line.svg]
[specter.solutions/wp-content/plugins/ht-mega-for-elementor/assets/images/pricing/pricing-ribon.png]
[specter.solutions/wp-content/plugins/ht-mega-for-elementor/assets/css/img/others/business-shape.21e.delayed]
[specter.solutions/wp-content/plugins/ht-mega-for-elementor/assets/css/img/bg/bg-image-40.jpg]
[specter.solutions/wp-content/plugins/ht-mega-for-elementor/assets/css/htmega-widgets5d0a.css]
[specter.solutions/wp-content/plugins/elementor/assets/lib/animations/animations.min7e2e.css]
[gmpg.org/xfn/default.css]
[specter.solutions/wp-content/uploads/2022/02/Specter_Desktop-scaled.jpg]
[specter.solutions/wp-content/uploads/elementor/css/post-5157a7a7.css]
[specter.solutions/wp-content/uploads/2022/02/Specter_Desktop_In_Use2-scaled.jpg]
[specter.solutions/index4827.html]
[specter.solutions/wp-content/uploads/2021/12/Fast.svg]
[specter.solutions/wp-content/uploads/2022/01/QR-Code.svg]
[specter.solutions/wp-content/uploads/2021/12/Send.svg]
[specter.solutions/wp-content/uploads/2021/12/Receive.svg]
[specter.solutions/wp-content/uploads/2021/12/Adjust.svg]
[specter.solutions/wp-content/uploads/2022/01/liquid-articles.svg]
[specter.solutions/wp-content/uploads/2022/01/select-coins.svg]
[specter.solutions/wp-content/uploads/2022/01/liquid.svg]
[specter.solutions/wp-content/uploads/2022/01/articles.svg]
[specter.solutions/wp-content/uploads/2022/01/tor.svg]
[specter.solutions/wp-content/uploads/2022/01/securely.svg]
[specter.solutions/wp-content/uploads/2022/01/connect.svg]
[specter.solutions/wp-content/uploads/2022/02/import_export.svg]
[specter.solutions/wp-content/uploads/2022/01/backup.svg]
[specter.solutions/wp-content/uploads/2022/01/import-export.svg]
[specter.solutions/wp-content/uploads/2022/01/scan.svg]
[specter.solutions/wp-content/uploads/2022/01/explore.svg]
[specter.solutions/wp-content/uploads/2022/01/customise-settings.svg]
[specter.solutions/wp-content/uploads/2022/01/supported-networks.svg]
[specter.solutions/wp-content/uploads/2022/01/tutorials.svg]
[specter.solutions/wp-content/uploads/2022/01/documentation.svg]
[specter.solutions/wp-content/uploads/2022/01/community.svg]
[specter.solutions/wp-content/uploads/2022/01/foss.svg]
[specter.solutions/wp-content/uploads/2022/01/code.svg]
[specter.solutions/wp-content/uploads/2022/01/donate.svg]
[specter.solutions/wp-content/uploads/2022/02/Specter_Desktop-scaled.jpg]
[specter.solutions/wp-content/uploads/elementor/css/post-5070d760.css]
[specter.solutions/wp-content/uploads/2022/02/Specter_Signer-scaled.jpg]
[specter.solutions/index1227.html]
[specter.solutions/wp-content/uploads/2022/02/Specter_Enterprise@2x-scaled.jpg]
[specter.solutions/wp-content/uploads/elementor/css/post-5675cb56.css]
[specter.solutions/index8d09.html]
[specter.solutions/wp-content/uploads/2022/02/cost-reduction.svg]
[specter.solutions/wp-content/uploads/2022/02/global-market.svg]
[specter.solutions/wp-content/uploads/2022/02/continuity.svg]
[specter.solutions/wp-content/uploads/2022/02/shield.svg]
[specter.solutions/wp-content/uploads/2022/02/user-experience.svg]
[specter.solutions/wp-content/uploads/2022/02/future-proof.svg]
[specter.solutions/wp-content/uploads/elementor/css/post-3773ff7b.css]
[specter.solutions/indexd10e.html]
[specter.solutions/wp-content/uploads/elementor/css/post-36468c79.css]
[specter.solutions/hardware-wallets-can-be-hacked-but-this-is-fine/index.html]
[specter.solutions/ecdsa-is-not-that-bad-two-party-signing-without-schnorr-or-bls/index.html]
[specter.solutions/bls-signatures-better-than-schnorr/index.html]
[specter.solutions/how-schnorr-signatures-may-improve-bitcoin/index.html]
[specter.solutions/contact/_https_/specter.solutions/contact/index.html]
[specter.solutions/wp-content/uploads/elementor/css/post-96da51.css]
[specter.solutions/index6f72.html]
[specter.solutions/wp-content/uploads/elementor/css/post-1993edff.css]
[specter.solutions/index5b92.html]
[specter.solutions/wp-content/uploads/elementor/css/post-341cb.css]
[specter.solutions/index2207.html]
[specter.solutions/shop/specter-shield/index.html]
[specter.solutions/xmlrpc0db0.php]
[specter.solutions/wp-content/uploads/elementor/css/post-45183b42.css]
[specter.solutions/wp-content/uploads/elementor/css/post-34965c36.css]
[specter.solutions/index6e0b.html]
[specter.solutions/wp-content/uploads/elementor/css/post-45723b42.css]
[specter.solutions/indexb7c2.html]
[specter.solutions/2021/10/20/index.html]
[specter.solutions/wp-content/uploads/elementor/css/post-45923b42.css]
[specter.solutions/indexb236.html]
[specter.solutions/2021/10/21/index.html]
[specter.solutions/wp-content/uploads/elementor/css/post-46433b42.css]
[specter.solutions/index95c5.html]
[specter.solutions/2021/10/22/index.html]
[specter.solutions/indexcbea.html]
[specter.solutions/2023/07/16/index.html]
[specter.solutions/wp-content/uploads/elementor/css/post-34403b42.css]
[specter.solutions/indexf7c2.html]
[specter.solutions/2019/01/05/index.html]
[specter.solutions/index260c.html]
[specter.solutions/2018/10/14/index.html]
[specter.solutions/indexace5.html]
[specter.solutions/2018/06/25/index.html]
[specter.solutions/index00d1.html]
[specter.solutions/2018/06/23/index.html]
[specter.solutions/wp-content/plugins/woocommerce/assets/css/photoswipe/photoswipe.minfbed.css]
[specter.solutions/wp-content/plugins/woocommerce/assets/css/photoswipe/default-skin/default-skin.svg]
[specter.solutions/wp-content/plugins/woocommerce/assets/css/photoswipe/default-skin/preloader.gif]
[specter.solutions/wp-content/plugins/woocommerce/assets/css/photoswipe/default-skin/default-skin.minfbed.css]
[specter.solutions/index20df.html]
[specter.solutions/wp-content/plugins/woocommerce/assets/css/photoswipe/default-skin/preloader.gif]
[specter.solutions/product-category/specter-parts/index.html]
[specter.solutions/wp-content/uploads/2020/11/Specter-Shield-Battery-2-e1606441258590.png]
[specter.solutions/wp-content/uploads/2020/11/Housing-e1606440882803.png]
[specter.solutions/category/bitcoin/index.html]
[specter.solutions/author/anonymous/index.html]
[specter.solutions/category/uncategorized/index.html]
[specter.solutions/category/cryptography/index.html]
[specter.solutions/category/blockchain/feed/index.html]
[specter.solutions/product-category/specter-parts/feed/index.html]
[specter.solutions/wp-content/plugins/woocommerce/assets/fonts/star.svg]
[specter.solutions/wp-content/plugins/woocommerce/assets/fonts/WooCommerce.svg]
[specter.solutions/wp-content/plugins/woocommerce/assets/images/icons/loader.svg]
[specter.solutions/wp-content/plugins/woocommerce/assets/images/icons/credit-cards/mastercard.svg]
[specter.solutions/wp-content/plugins/woocommerce/assets/images/icons/credit-cards/laser.svg]
[specter.solutions/wp-content/plugins/woocommerce/assets/images/icons/credit-cards/diners.svg]
[specter.solutions/wp-content/plugins/woocommerce/assets/images/icons/credit-cards/maestro.svg]
[specter.solutions/wp-content/plugins/woocommerce/assets/images/icons/credit-cards/amex.svg]
[specter.solutions/wp-content/plugins/woocommerce/assets/images/icons/credit-cards/discover.svg]
[specter.solutions/wp-content/plugins/woocustomizer/assets/images/loader.gif]
[specter.solutions/wp-content/plugins/woocustomizer/assets/images/stats-icon.png]
[specter.solutions/wp-content/plugins/wp-user-avatar/assets/images/social-login/vk-fa.svg]
[specter.solutions/wp-content/plugins/wp-user-avatar/assets/images/social-login/microsoft.svg]
[specter.solutions/wp-content/plugins/wp-user-avatar/assets/images/social-login/amazon.svg]
[specter.solutions/wp-content/plugins/woocommerce/assets/images/icons/credit-cards/jcb.svg]
[specter.solutions/wp-content/plugins/wp-user-avatar/assets/images/social-login/wpcom.svg]
[specter.solutions/wp-content/plugins/wp-user-avatar/assets/images/social-login/facebook.svg]
[specter.solutions/wp-content/plugins/woocommerce/assets/images/icons/credit-cards/visa.svg]
[specter.solutions/wp-content/plugins/wp-user-avatar/assets/images/social-login/twitter.svg]
[specter.solutions/wp-content/plugins/wp-user-avatar/assets/images/social-login/google.svg]
[specter.solutions/wp-content/plugins/wp-user-avatar/assets/images/social-login/yahoo.svg]
[specter.solutions/wp-content/plugins/wp-user-avatar/assets/images/social-login/github-fa.svg]
[specter.solutions/wp-content/plugins/wp-user-avatar/assets/images/social-login/linkedin.svg]
[specter.solutions/wp-content/plugins/elementor/assets/lib/font-awesome/webfonts/fa-brands-400.svg]
[specter.solutions/wp-content/plugins/elementor/assets/lib/font-awesome/webfonts/fa-regular-400.svg]
[specter.solutions/wp-content/plugins/elementor/assets/lib/font-awesome/fonts/fontawesome-webfont3e6e.svg]
[specter.solutions/wp-content/plugins/side-cart-woocommerce/assets/css/fonts/Woo-Side-Cart999e.svg]
[specter.solutions/wp-content/plugins/elementor/assets/lib/font-awesome/webfonts/fa-regular-400.eot]
[specter.solutions/wp-content/plugins/ninja-forms/assets/fonts/fontawesome-webfont3295.svg]
[specter.solutions/wp-content/plugins/ht-mega-for-elementor/assets/css/img/gallery/bgDescription.html]
[specter.solutions/wp-content/plugins/ht-mega-for-elementor/assets/css/img/gallery/gallery-e1.html]
[specter.solutions/wp-content/plugins/ht-mega-for-elementor/assets/images/icons/line.svg]
[specter.solutions/wp-content/plugins/ht-mega-for-elementor/assets/css/img/others/business-shape.html]
[specter.solutions/wp-content/plugins/ht-mega-for-elementor/assets/css/img/bg/bg-image-40.html]
[specter.solutions/wp-content/plugins/woocommerce/assets/css/photoswipe/default-skin/default-skin.svg]
[specter.solutions/wp-content/plugins/elementor/assets/lib/font-awesome/webfonts/fa-brands-400.ttf]
[specter.solutions/wp-content/plugins/elementor/assets/lib/font-awesome/webfonts/fa-solid-900.svg]
[specter.solutions/xmlrpc.php]
[specter.solutions/wp-content/plugins/woocommerce/assets/images/icons/credit-cards/visa.svg]
[specter.solutions/wp-content/plugins/woocommerce/assets/images/icons/credit-cards/jcb.svg]
[specter.solutions/wp-content/plugins/wp-user-avatar/assets/images/social-login/google.svg]
[specter.solutions/wp-content/plugins/wp-user-avatar/assets/images/social-login/yahoo.svg]
[specter.solutions/wp-content/plugins/wp-user-avatar/assets/images/social-login/twitter.svg]
[specter.solutions/wp-content/plugins/wp-user-avatar/assets/images/social-login/linkedin.svg]
[specter.solutions/wp-content/plugins/elementor/assets/lib/eicons/fonts/eicons1075.woff2]
[specter.solutions/wp-content/plugins/elementor/assets/lib/eicons/fonts/eicons1075.woff]
[specter.solutions/wp-content/plugins/elementor/assets/lib/font-awesome/webfonts/fa-solid-900.svg]
[specter.solutions/xmlrpc0db0.php]
[specter.solutions/xmlrpc.php]
[specter.solutions/wp-content/plugins/elementor/assets/lib/font-awesome/webfonts/fa-brands-400.woff]
[specter.solutions/wp-content/plugins/elementor/assets/lib/eicons/fonts/eicons1075.svg]
[specter.solutions/wp-content/plugins/elementor/assets/lib/eicons/fonts/eicons1075.svg]
